CCS PCM C Compiler, Version 4.130, 5967               05-abr-16 16:15

               Filename: C:\Users\Administrador.JPAD227381\Downloads\Passo\Motor de passo\Passo.lst

               ROM used: 1833 words (22%)
                         Largest free fragment is 2048
               RAM used: 55 (15%) at main() level
                         77 (21%) worst case
               Stack:    4 locations

*
0000:  MOVLW  06
0001:  MOVWF  0A
0002:  GOTO   642
0003:  NOP
.................... #include <16F877A.h> 
.................... //////// Standard Header file for the PIC16F877A device //////////////// 
.................... #device PIC16F877A 
.................... #list 
....................  
.................... #device adc=10 
.................... #FUSES NOWDT,XT,PUT,NOPROTECT,NODEBUG,BROWNOUT,NOLVP,NOCPD  
.................... #use delay(clock=4000000) 
*
0109:  MOVLW  5C
010A:  MOVWF  04
010B:  BCF    03.7
010C:  MOVF   00,W
010D:  BTFSC  03.2
010E:  GOTO   11D
010F:  MOVLW  01
0110:  MOVWF  78
0111:  CLRF   77
0112:  DECFSZ 77,F
0113:  GOTO   112
0114:  DECFSZ 78,F
0115:  GOTO   111
0116:  MOVLW  4A
0117:  MOVWF  77
0118:  DECFSZ 77,F
0119:  GOTO   118
011A:  GOTO   11B
011B:  DECFSZ 00,F
011C:  GOTO   10F
011D:  RETURN
.................... #include <flex_lcd.c> 
.................... // flex_lcd.c  
....................  
.................... // Altere aqui os pinos para cada microcontrolador,  
....................   
....................  
.................... #define LCD_DB4   PIN_C4  
.................... #define LCD_DB5   PIN_C5  
.................... #define LCD_DB6   PIN_C6  
.................... #define LCD_DB7   PIN_C7  
....................  
.................... #define LCD_E     PIN_C0 
.................... #define LCD_RS    PIN_C1  
.................... //#define LCD_RW    PIN_C2 //descomentar para usar com 7 pinos  
....................  
.................... // If you only want a 6-pin interface to your LCD, then  
.................... // connect the R/W pin on the LCD to ground, and comment  
.................... // out the following line.  
....................  
.................... //#define USE_LCD_RW   1 //descomentar para usar com 7 pinos      
....................  
.................... //========================================  
....................  
.................... #define lcd_type 2        // 0=5x7, 1=5x10, 2=2 lines  
.................... #define lcd_line_two 0x40 // LCD RAM address for the 2nd line  
....................  
....................  
.................... int8 const LCD_INIT_STRING[4] =  
.................... {  
....................  0x20 | (lcd_type << 2), // Func set: 4-bit, 2 lines, 5x8 dots  
....................  0xc,                    // Display on  
....................  1,                      // Clear display  
....................  6                       // Increment cursor  
....................  };  
....................                                
....................  
.................... //-------------------------------------  
.................... void lcd_send_nibble(int8 nibble)  
.................... {  
.................... // Note:  !! converts an integer expression  
.................... // to a boolean (1 or 0).  
....................  output_bit(LCD_DB4, !!(nibble & 1));  
011E:  BTFSC  63.0
011F:  GOTO   122
0120:  BCF    07.4
0121:  GOTO   123
0122:  BSF    07.4
0123:  BCF    20.4
0124:  MOVF   20,W
0125:  BSF    03.5
0126:  MOVWF  07
....................  output_bit(LCD_DB5, !!(nibble & 2));   
0127:  BCF    03.5
0128:  BTFSC  63.1
0129:  GOTO   12C
012A:  BCF    07.5
012B:  GOTO   12D
012C:  BSF    07.5
012D:  BCF    20.5
012E:  MOVF   20,W
012F:  BSF    03.5
0130:  MOVWF  07
....................  output_bit(LCD_DB6, !!(nibble & 4));     
0131:  BCF    03.5
0132:  BTFSC  63.2
0133:  GOTO   136
0134:  BCF    07.6
0135:  GOTO   137
0136:  BSF    07.6
0137:  BCF    20.6
0138:  MOVF   20,W
0139:  BSF    03.5
013A:  MOVWF  07
....................  output_bit(LCD_DB7, !!(nibble & 8));     
013B:  BCF    03.5
013C:  BTFSC  63.3
013D:  GOTO   140
013E:  BCF    07.7
013F:  GOTO   141
0140:  BSF    07.7
0141:  BCF    20.7
0142:  MOVF   20,W
0143:  BSF    03.5
0144:  MOVWF  07
....................  
....................  delay_cycles(1);  
0145:  NOP
....................  output_high(LCD_E);  
0146:  BCF    03.5
0147:  BCF    20.0
0148:  MOVF   20,W
0149:  BSF    03.5
014A:  MOVWF  07
014B:  BCF    03.5
014C:  BSF    07.0
....................  delay_us(2);  
014D:  GOTO   14E
....................  output_low(LCD_E);  
014E:  BCF    20.0
014F:  MOVF   20,W
0150:  BSF    03.5
0151:  MOVWF  07
0152:  BCF    03.5
0153:  BCF    07.0
.................... }  
0154:  RETURN
....................  
.................... //-----------------------------------  
....................      
....................  
.................... #ifdef USE_LCD_RW  
.................... int8 lcd_read_nibble(void)  
.................... {  
.................... int8 retval;  
.................... #bit retval_0 = retval.0  
.................... #bit retval_1 = retval.1  
.................... #bit retval_2 = retval.2  
.................... #bit retval_3 = retval.3  
....................  
.................... retval = 0;  
....................      
.................... output_high(LCD_E);  
.................... delay_cycles(1);  
....................  
.................... retval_0 = input(LCD_DB4);  
.................... retval_1 = input(LCD_DB5);  
.................... retval_2 = input(LCD_DB6);  
.................... retval_3 = input(LCD_DB7);  
....................    
.................... output_low(LCD_E);  
....................      
.................... return(retval);     
.................... }     
.................... #endif  
....................  
.................... //---------------------------------------  
.................... // Read a byte from the LCD and return it.  
....................  
.................... #ifdef USE_LCD_RW  
.................... int8 lcd_read_byte(void)  
.................... {  
.................... int8 low;  
.................... int8 high;  
....................  
.................... output_high(LCD_RW);  
.................... delay_cycles(1);  
....................  
.................... high = lcd_read_nibble();  
....................  
.................... low = lcd_read_nibble();  
....................  
.................... return( (high<<4) | low);  
.................... }  
.................... #endif  
....................  
.................... //----------------------------------------  
.................... // Send a byte to the LCD.  
.................... void lcd_send_byte(int8 address, int8 n)  
.................... {  
.................... output_low(LCD_RS);  
0155:  BCF    20.1
0156:  MOVF   20,W
0157:  BSF    03.5
0158:  MOVWF  07
0159:  BCF    03.5
015A:  BCF    07.1
....................  
.................... #ifdef USE_LCD_RW  
.................... while(bit_test(lcd_read_byte(),7)) ;  
.................... #else  
.................... delay_us(60);   
015B:  MOVLW  13
015C:  MOVWF  77
015D:  DECFSZ 77,F
015E:  GOTO   15D
015F:  GOTO   160
.................... #endif  
....................  
.................... if(address)  
0160:  MOVF   60,F
0161:  BTFSC  03.2
0162:  GOTO   16A
....................    output_high(LCD_RS);  
0163:  BCF    20.1
0164:  MOVF   20,W
0165:  BSF    03.5
0166:  MOVWF  07
0167:  BCF    03.5
0168:  BSF    07.1
.................... else  
0169:  GOTO   170
....................    output_low(LCD_RS);  
016A:  BCF    20.1
016B:  MOVF   20,W
016C:  BSF    03.5
016D:  MOVWF  07
016E:  BCF    03.5
016F:  BCF    07.1
....................        
....................  delay_cycles(1);  
0170:  NOP
....................  
.................... #ifdef USE_LCD_RW  
.................... output_low(LCD_RW);  
.................... delay_cycles(1);  
.................... #endif  
....................  
.................... output_low(LCD_E);  
0171:  BCF    20.0
0172:  MOVF   20,W
0173:  BSF    03.5
0174:  MOVWF  07
0175:  BCF    03.5
0176:  BCF    07.0
....................  
.................... lcd_send_nibble(n >> 4);  
0177:  SWAPF  61,W
0178:  MOVWF  62
0179:  MOVLW  0F
017A:  ANDWF  62,F
017B:  MOVF   62,W
017C:  MOVWF  63
017D:  CALL   11E
.................... lcd_send_nibble(n & 0xf);  
017E:  MOVF   61,W
017F:  ANDLW  0F
0180:  MOVWF  62
0181:  MOVWF  63
0182:  CALL   11E
.................... }  
0183:  RETURN
....................  
.................... //----------------------------  
.................... void lcd_init(void)  
.................... {  
.................... int8 i;  
....................  
.................... output_low(LCD_RS);  
0184:  BCF    20.1
0185:  MOVF   20,W
0186:  BSF    03.5
0187:  MOVWF  07
0188:  BCF    03.5
0189:  BCF    07.1
....................  
.................... #ifdef USE_LCD_RW  
.................... output_low(LCD_RW);  
.................... #endif  
....................  
.................... output_low(LCD_E);  
018A:  BCF    20.0
018B:  MOVF   20,W
018C:  BSF    03.5
018D:  MOVWF  07
018E:  BCF    03.5
018F:  BCF    07.0
....................  
.................... delay_ms(15);  
0190:  MOVLW  0F
0191:  MOVWF  5C
0192:  CALL   109
....................  
.................... for(i=0 ;i < 3; i++)  
0193:  CLRF   50
0194:  MOVF   50,W
0195:  SUBLW  02
0196:  BTFSS  03.0
0197:  GOTO   1A0
....................    {  
....................     lcd_send_nibble(0x03);  
0198:  MOVLW  03
0199:  MOVWF  63
019A:  CALL   11E
....................     delay_ms(5);  
019B:  MOVLW  05
019C:  MOVWF  5C
019D:  CALL   109
....................    }  
019E:  INCF   50,F
019F:  GOTO   194
....................  
.................... lcd_send_nibble(0x02);  
01A0:  MOVLW  02
01A1:  MOVWF  63
01A2:  CALL   11E
....................  
.................... for(i=0; i < sizeof(LCD_INIT_STRING); i++)  
01A3:  CLRF   50
01A4:  MOVF   50,W
01A5:  SUBLW  03
01A6:  BTFSS  03.0
01A7:  GOTO   1B4
....................    {  
....................     lcd_send_byte(0, LCD_INIT_STRING[i]);  
01A8:  MOVF   50,W
01A9:  CALL   004
01AA:  MOVWF  51
01AB:  CLRF   60
01AC:  MOVF   51,W
01AD:  MOVWF  61
01AE:  CALL   155
....................     #ifndef USE_LCD_RW  
....................     delay_ms(5);  
01AF:  MOVLW  05
01B0:  MOVWF  5C
01B1:  CALL   109
....................     #endif  
....................    }  
01B2:  INCF   50,F
01B3:  GOTO   1A4
....................  
.................... }  
01B4:  BCF    0A.3
01B5:  BCF    0A.4
01B6:  GOTO   6B3 (RETURN)
....................  
.................... //----------------------------  
....................  
.................... void lcd_gotoxy(int8 x, int8 y)  
.................... {  
.................... int8 address;  
....................  
.................... if(y != 1)  
*
01CE:  DECFSZ 5D,W
01CF:  GOTO   1D1
01D0:  GOTO   1D4
....................    address = lcd_line_two;  
01D1:  MOVLW  40
01D2:  MOVWF  5E
.................... else  
01D3:  GOTO   1D5
....................    address=0;  
01D4:  CLRF   5E
....................  
.................... address += x-1;  
01D5:  MOVLW  01
01D6:  SUBWF  5C,W
01D7:  ADDWF  5E,F
.................... lcd_send_byte(0, 0x80 | address);  
01D8:  MOVF   5E,W
01D9:  IORLW  80
01DA:  MOVWF  5F
01DB:  CLRF   60
01DC:  MOVF   5F,W
01DD:  MOVWF  61
01DE:  CALL   155
.................... }  
....................  
.................... //-----------------------------  
.................... void lcd_putc(char c)  
.................... {  
....................  switch(c)  
....................    {  
*
01B7:  MOVF   5B,W
01B8:  XORLW  0C
01B9:  BTFSC  03.2
01BA:  GOTO   1C2
01BB:  XORLW  06
01BC:  BTFSC  03.2
01BD:  GOTO   1CA
01BE:  XORLW  02
01BF:  BTFSC  03.2
01C0:  GOTO   1E0
01C1:  GOTO   1E5
....................     case '\f':  
....................       lcd_send_byte(0,1);  
01C2:  CLRF   60
01C3:  MOVLW  01
01C4:  MOVWF  61
01C5:  CALL   155
....................       delay_ms(2);  
01C6:  MOVLW  02
01C7:  MOVWF  5C
01C8:  CALL   109
....................       break;  
01C9:  GOTO   1EB
....................      
....................     case '\n':  
....................        lcd_gotoxy(1,2);  
01CA:  MOVLW  01
01CB:  MOVWF  5C
01CC:  MOVLW  02
01CD:  MOVWF  5D
....................        break;  
*
01DF:  GOTO   1EB
....................      
....................     case '\b':  
....................        lcd_send_byte(0,0x10);  
01E0:  CLRF   60
01E1:  MOVLW  10
01E2:  MOVWF  61
01E3:  CALL   155
....................        break;  
01E4:  GOTO   1EB
....................      
....................     default:  
....................        lcd_send_byte(1,c);  
01E5:  MOVLW  01
01E6:  MOVWF  60
01E7:  MOVF   5B,W
01E8:  MOVWF  61
01E9:  CALL   155
....................        break;  
01EA:  GOTO   1EB
....................    }  
.................... }  
01EB:  RETURN
....................  
.................... //------------------------------  
.................... #ifdef USE_LCD_RW  
.................... char lcd_getc(int8 x, int8 y)  
.................... {  
.................... char value;  
....................  
.................... lcd_gotoxy(x,y);  
....................  
.................... while(bit_test(lcd_read_byte(),7));   
....................    output_high(LCD_RS);  
....................    value = lcd_read_byte();  
....................    output_low(lcd_RS);  
....................    return(value);  
....................    }  
.................... #endif 
....................  
.................... #define frame_time      0                  //Velocidade do motor 
....................  
.................... int16 i = 3, i_1 = 0,j; 
.................... int16 ad_antigo, ad_atual; 
.................... signed int16 pos_atual =-1; 
.................... int8 y; 
.................... signed int16 distancia; 
....................  
.................... float    angulo_passo = 0.088; 
.................... float    angulo_abertura = 300; 
.................... int16    posicoes_na_escala = 60; //Simulando um contagiros até 6000 RPM 
.................... int16    passos_dados =0; 
.................... int16    ultimaRPM = 0; 
.................... int16    rpm=0; 
.................... float    passos_por_posicao, total_passos; 
....................  
....................  
....................  
.................... char motor[8]= 
....................   { 
....................    
....................      0b1100, //PASSO1 
....................      0b0110, //PASSO2 
....................      0b0011, //PASSO3 
....................      0b1001, //PASSO4   
....................           
....................   };   
*
066E:  MOVLW  0C
066F:  BCF    03.5
0670:  MOVWF  48
0671:  MOVLW  06
0672:  MOVWF  49
0673:  MOVLW  03
0674:  MOVWF  4A
0675:  MOVLW  09
0676:  MOVWF  4B
0677:  CLRF   4C
0678:  CLRF   4D
0679:  CLRF   4E
067A:  CLRF   4F
....................   
....................  /* Meio Passo    
....................      0b1000, 
....................      0b1100, 
....................      0b0100, 
....................      0b0110, 
....................      0b0010, 
....................      0b0011, 
....................      0b0001, 
....................      0b1001, */ 
....................   
....................  /*    */   
....................    
....................    
.................... void avanca(int16 qtdPassos){ 
....................    if(qtdPassos>total_passos){ 
*
0256:  MOVF   55,W
0257:  MOVWF  59
0258:  MOVF   54,W
0259:  MOVWF  58
025A:  CALL   0EC
025B:  MOVF   47,W
025C:  MOVWF  5B
025D:  MOVF   46,W
025E:  MOVWF  5A
025F:  MOVF   45,W
0260:  MOVWF  59
0261:  MOVF   44,W
0262:  MOVWF  58
0263:  MOVF   7A,W
0264:  MOVWF  5F
0265:  MOVF   79,W
0266:  MOVWF  5E
0267:  MOVF   78,W
0268:  MOVWF  5D
0269:  MOVF   77,W
026A:  MOVWF  5C
*
02A9:  BTFSS  03.0
02AA:  GOTO   406
....................       qtdPassos=total_passos+1; //Estabelecendo o limite máximo 
02AB:  BCF    03.1
02AC:  MOVF   47,W
02AD:  MOVWF  5B
02AE:  MOVF   46,W
02AF:  MOVWF  5A
02B0:  MOVF   45,W
02B1:  MOVWF  59
02B2:  MOVF   44,W
02B3:  MOVWF  58
02B4:  CLRF   5F
02B5:  CLRF   5E
02B6:  CLRF   5D
02B7:  MOVLW  7F
02B8:  MOVWF  5C
*
03F9:  MOVF   7A,W
03FA:  MOVWF  5B
03FB:  MOVF   79,W
03FC:  MOVWF  5A
03FD:  MOVF   78,W
03FE:  MOVWF  59
03FF:  MOVF   77,W
0400:  MOVWF  58
0401:  CALL   237
0402:  MOVF   79,W
0403:  MOVWF  55
0404:  MOVF   78,W
0405:  MOVWF  54
....................    } 
....................    int16 passos=qtdPassos-passos_dados; 
0406:  MOVF   3A,W
0407:  SUBWF  54,W
0408:  MOVWF  56
0409:  MOVF   55,W
040A:  MOVWF  57
040B:  MOVF   3B,W
040C:  BTFSS  03.0
040D:  INCFSZ 3B,W
040E:  SUBWF  57,F
....................    passos_dados=qtdPassos; 
040F:  MOVF   55,W
0410:  MOVWF  3B
0411:  MOVF   54,W
0412:  MOVWF  3A
....................    for (i=0;i<passos;i++){ 
0413:  CLRF   22
0414:  CLRF   21
0415:  MOVF   22,W
0416:  SUBWF  57,W
0417:  BTFSS  03.0
0418:  GOTO   441
0419:  BTFSS  03.2
041A:  GOTO   41F
041B:  MOVF   56,W
041C:  SUBWF  21,W
041D:  BTFSC  03.0
041E:  GOTO   441
....................       pos_atual++;       
041F:  INCF   2B,F
0420:  BTFSC  03.2
0421:  INCF   2C,F
....................       if(pos_atual>3){ 
0422:  BTFSC  2C.7
0423:  GOTO   42D
0424:  MOVF   2C,F
0425:  BTFSS  03.2
0426:  GOTO   42B
0427:  MOVF   2B,W
0428:  SUBLW  03
0429:  BTFSC  03.0
042A:  GOTO   42D
....................          pos_atual = 0; 
042B:  CLRF   2C
042C:  CLRF   2B
....................       }  
....................       output_b(motor[pos_atual]);             
042D:  MOVLW  48
042E:  ADDWF  2B,W
042F:  MOVWF  04
0430:  BCF    03.7
0431:  BTFSC  2C.0
0432:  BSF    03.7
0433:  MOVF   00,W
0434:  MOVWF  58
0435:  BSF    03.5
0436:  CLRF   06
0437:  BCF    03.5
0438:  MOVF   58,W
0439:  MOVWF  06
....................        
....................       delay_ms (5); 
043A:  MOVLW  05
043B:  MOVWF  5C
043C:  CALL   109
....................    }    
043D:  INCF   21,F
043E:  BTFSC  03.2
043F:  INCF   22,F
0440:  GOTO   415
.................... } 
0441:  RETURN
....................  
.................... void retrocede(int16 qtdPassos){ 
*
05F1:  MOVF   54,W
05F2:  SUBWF  3A,W
05F3:  MOVWF  56
05F4:  MOVF   3B,W
05F5:  MOVWF  57
05F6:  MOVF   55,W
05F7:  BTFSS  03.0
05F8:  INCFSZ 55,W
05F9:  SUBWF  57,F
....................    int16 passos=passos_dados-qtdPassos; 
....................    passos_dados=qtdPassos;    
05FA:  MOVF   55,W
05FB:  MOVWF  3B
05FC:  MOVF   54,W
05FD:  MOVWF  3A
....................     
....................    if(qtdPassos>passos_dados){ 
05FE:  MOVF   3B,W
05FF:  SUBWF  55,W
0600:  BTFSS  03.0
0601:  GOTO   60E
0602:  BTFSS  03.2
0603:  GOTO   608
0604:  MOVF   54,W
0605:  SUBWF  3A,W
0606:  BTFSC  03.0
0607:  GOTO   60E
....................       passos= passos_dados; 
0608:  MOVF   3B,W
0609:  MOVWF  57
060A:  MOVF   3A,W
060B:  MOVWF  56
....................       passos_dados = 0; 
060C:  CLRF   3B
060D:  CLRF   3A
....................    } 
....................     
....................    passos_dados=qtdPassos;    
060E:  MOVF   55,W
060F:  MOVWF  3B
0610:  MOVF   54,W
0611:  MOVWF  3A
....................    for (i=0;i<passos;i++){       
0612:  CLRF   22
0613:  CLRF   21
0614:  MOVF   22,W
0615:  SUBWF  57,W
0616:  BTFSS  03.0
0617:  GOTO   63B
0618:  BTFSS  03.2
0619:  GOTO   61E
061A:  MOVF   56,W
061B:  SUBWF  21,W
061C:  BTFSC  03.0
061D:  GOTO   63B
....................       pos_atual--;   
061E:  MOVF   2B,W
061F:  BTFSC  03.2
0620:  DECF   2C,F
0621:  DECF   2B,F
....................       if(pos_atual<0){ 
0622:  BTFSS  2C.7
0623:  GOTO   627
....................          pos_atual = 3; 
0624:  CLRF   2C
0625:  MOVLW  03
0626:  MOVWF  2B
....................       }  
....................       output_b(motor[pos_atual]);               
0627:  MOVLW  48
0628:  ADDWF  2B,W
0629:  MOVWF  04
062A:  BCF    03.7
062B:  BTFSC  2C.0
062C:  BSF    03.7
062D:  MOVF   00,W
062E:  MOVWF  58
062F:  BSF    03.5
0630:  CLRF   06
0631:  BCF    03.5
0632:  MOVF   58,W
0633:  MOVWF  06
....................       delay_ms (5); 
0634:  MOVLW  05
0635:  MOVWF  5C
0636:  CALL   109
....................    }         
0637:  INCF   21,F
0638:  BTFSC  03.2
0639:  INCF   22,F
063A:  GOTO   614
.................... } 
....................  
.................... void setaRPM(int16 rpm){         
*
0539:  MOVF   51,W
053A:  MOVWF  59
053B:  MOVF   50,W
053C:  MOVWF  58
053D:  CALL   0EC
053E:  MOVF   7A,W
053F:  MOVWF  57
0540:  MOVF   79,W
0541:  MOVWF  56
0542:  MOVF   78,W
0543:  MOVWF  55
0544:  MOVF   77,W
0545:  MOVWF  54
0546:  MOVF   43,W
0547:  MOVWF  5B
0548:  MOVF   42,W
0549:  MOVWF  5A
054A:  MOVF   41,W
054B:  MOVWF  59
054C:  MOVF   40,W
054D:  MOVWF  58
*
05C2:  MOVF   7A,W
05C3:  MOVWF  5B
05C4:  MOVF   79,W
05C5:  MOVWF  5A
05C6:  MOVF   78,W
05C7:  MOVWF  59
05C8:  MOVF   77,W
05C9:  MOVWF  58
05CA:  CALL   237
05CB:  MOVF   79,W
05CC:  MOVWF  53
05CD:  MOVF   78,W
05CE:  MOVWF  52
....................    int16 rpmPassos=rpm*passos_por_posicao; 
....................    if(rpm>ultimaRPM){       
05CF:  MOVF   3D,W
05D0:  SUBWF  51,W
05D1:  BTFSS  03.0
05D2:  GOTO   5E3
05D3:  BTFSS  03.2
05D4:  GOTO   5D9
05D5:  MOVF   50,W
05D6:  SUBWF  3C,W
05D7:  BTFSC  03.0
05D8:  GOTO   5E3
....................       avanca(rpmPassos); 
05D9:  MOVF   53,W
05DA:  MOVWF  55
05DB:  MOVF   52,W
05DC:  MOVWF  54
05DD:  CALL   256
....................       ultimaRPM=rpm; 
05DE:  MOVF   51,W
05DF:  MOVWF  3D
05E0:  MOVF   50,W
05E1:  MOVWF  3C
....................    }else if(rpm<ultimaRPM){ 
05E2:  GOTO   63F
05E3:  MOVF   51,W
05E4:  SUBWF  3D,W
05E5:  BTFSS  03.0
05E6:  GOTO   63F
05E7:  BTFSS  03.2
05E8:  GOTO   5ED
05E9:  MOVF   3C,W
05EA:  SUBWF  50,W
05EB:  BTFSC  03.0
05EC:  GOTO   63F
....................       retrocede(rpmPassos); 
05ED:  MOVF   53,W
05EE:  MOVWF  55
05EF:  MOVF   52,W
05F0:  MOVWF  54
....................       ultimaRPM=rpm; 
*
063B:  MOVF   51,W
063C:  MOVWF  3D
063D:  MOVF   50,W
063E:  MOVWF  3C
....................    }       
.................... } 
063F:  BCF    0A.3
0640:  BCF    0A.4
0641:  GOTO   724 (RETURN)
....................  
.................... void main () 
.................... {  
0642:  CLRF   04
0643:  BCF    03.7
0644:  MOVLW  1F
0645:  ANDWF  03,F
0646:  MOVLW  FF
0647:  MOVWF  20
0648:  CLRF   22
0649:  MOVLW  03
064A:  MOVWF  21
064B:  CLRF   24
064C:  CLRF   23
064D:  MOVLW  FF
064E:  MOVWF  2C
064F:  MOVWF  2B
0650:  MOVLW  58
0651:  MOVWF  33
0652:  MOVLW  39
0653:  MOVWF  32
0654:  MOVLW  34
0655:  MOVWF  31
0656:  MOVLW  7B
0657:  MOVWF  30
0658:  CLRF   37
0659:  CLRF   36
065A:  MOVLW  16
065B:  MOVWF  35
065C:  MOVLW  87
065D:  MOVWF  34
065E:  CLRF   39
065F:  MOVLW  3C
0660:  MOVWF  38
0661:  CLRF   3B
0662:  CLRF   3A
0663:  CLRF   3D
0664:  CLRF   3C
0665:  CLRF   3F
0666:  CLRF   3E
0667:  BSF    03.5
0668:  BSF    1F.0
0669:  BSF    1F.1
066A:  BSF    1F.2
066B:  BCF    1F.3
066C:  MOVLW  07
066D:  MOVWF  1C
....................    total_passos = angulo_abertura/angulo_passo; //Total de posições do motor entre o marcador 0 até 6 (passo a 0,088º) 
*
067B:  MOVF   37,W
067C:  MOVWF  53
067D:  MOVF   36,W
067E:  MOVWF  52
067F:  MOVF   35,W
0680:  MOVWF  51
0681:  MOVF   34,W
0682:  MOVWF  50
0683:  MOVF   33,W
0684:  MOVWF  57
0685:  MOVF   32,W
0686:  MOVWF  56
0687:  MOVF   31,W
0688:  MOVWF  55
0689:  MOVF   30,W
068A:  MOVWF  54
068B:  CALL   022
068C:  MOVF   7A,W
068D:  MOVWF  47
068E:  MOVF   79,W
068F:  MOVWF  46
0690:  MOVF   78,W
0691:  MOVWF  45
0692:  MOVF   77,W
0693:  MOVWF  44
....................    passos_por_posicao = total_passos/posicoes_na_escala; //Total de passos para cada posição no conta giros (a agulha anda de 50 em 50 RPM) 
0694:  MOVF   39,W
0695:  MOVWF  59
0696:  MOVF   38,W
0697:  MOVWF  58
0698:  CALL   0EC
0699:  MOVF   47,W
069A:  MOVWF  53
069B:  MOVF   46,W
069C:  MOVWF  52
069D:  MOVF   45,W
069E:  MOVWF  51
069F:  MOVF   44,W
06A0:  MOVWF  50
06A1:  MOVF   7A,W
06A2:  MOVWF  57
06A3:  MOVF   79,W
06A4:  MOVWF  56
06A5:  MOVF   78,W
06A6:  MOVWF  55
06A7:  MOVF   77,W
06A8:  MOVWF  54
06A9:  CALL   022
06AA:  MOVF   7A,W
06AB:  MOVWF  43
06AC:  MOVF   79,W
06AD:  MOVWF  42
06AE:  MOVF   78,W
06AF:  MOVWF  41
06B0:  MOVF   77,W
06B1:  MOVWF  40
....................    lcd_init(); 
06B2:  GOTO   184
....................    delay_ms (100); 
06B3:  MOVLW  64
06B4:  MOVWF  5C
06B5:  CALL   109
....................    
....................    SETUP_ADC_PORTS(AN0); 
06B6:  BSF    03.5
06B7:  BCF    1F.0
06B8:  BSF    1F.1
06B9:  BSF    1F.2
06BA:  BSF    1F.3
....................    SETUP_ADC(ADC_CLOCK_DIV_16); 
06BB:  BSF    1F.6
06BC:  BCF    03.5
06BD:  BSF    1F.6
06BE:  BCF    1F.7
06BF:  BSF    03.5
06C0:  BSF    1F.7
06C1:  BCF    03.5
06C2:  BSF    1F.0
....................    
....................    set_adc_channel(0); 
06C3:  MOVLW  00
06C4:  MOVWF  78
06C5:  MOVF   1F,W
06C6:  ANDLW  C7
06C7:  IORWF  78,W
06C8:  MOVWF  1F
....................    delay_us (20);         
06C9:  MOVLW  06
06CA:  MOVWF  77
06CB:  DECFSZ 77,F
06CC:  GOTO   6CB
06CD:  NOP
....................     
....................    printf(lcd_putc,"\fPosicionando...");    
06CE:  MOVLW  0C
06CF:  BSF    03.6
06D0:  MOVWF  0D
06D1:  MOVLW  00
06D2:  MOVWF  0F
06D3:  BCF    03.6
06D4:  CALL   1EC
....................    avanca(2387); // 0 RPM    
06D5:  MOVLW  09
06D6:  MOVWF  55
06D7:  MOVLW  53
06D8:  MOVWF  54
06D9:  CALL   256
....................    passos_dados=0;    
06DA:  CLRF   3B
06DB:  CLRF   3A
....................    printf(lcd_putc,"\f0 RPM"); 
06DC:  MOVLW  15
06DD:  BSF    03.6
06DE:  MOVWF  0D
06DF:  MOVLW  00
06E0:  MOVWF  0F
06E1:  BCF    03.6
06E2:  CALL   1EC
....................    
....................   while(true){ 
....................       ad_atual = read_adc(); 
06E3:  BSF    1F.2
06E4:  BTFSC  1F.2
06E5:  GOTO   6E4
06E6:  BSF    03.5
06E7:  MOVF   1E,W
06E8:  BCF    03.5
06E9:  MOVWF  29
06EA:  MOVF   1E,W
06EB:  MOVWF  2A
....................        
....................       rpm = ad_atual/15; 
06EC:  MOVF   2A,W
06ED:  MOVWF  51
06EE:  MOVF   29,W
06EF:  MOVWF  50
06F0:  CLRF   53
06F1:  MOVLW  0F
06F2:  MOVWF  52
06F3:  GOTO   442
06F4:  MOVF   79,W
06F5:  MOVWF  3F
06F6:  MOVF   78,W
06F7:  MOVWF  3E
....................        
....................       printf(lcd_putc,"\f%lu RPM  ad: %lu",rpm*100, ad_atual ); 
06F8:  MOVF   3F,W
06F9:  MOVWF  51
06FA:  MOVF   3E,W
06FB:  MOVWF  50
06FC:  CLRF   53
06FD:  MOVLW  64
06FE:  MOVWF  52
06FF:  GOTO   469
0700:  MOVF   79,W
0701:  MOVWF  51
0702:  MOVF   78,W
0703:  MOVWF  50
0704:  MOVLW  0C
0705:  MOVWF  5B
0706:  CALL   1B7
0707:  MOVLW  10
0708:  MOVWF  04
0709:  MOVF   51,W
070A:  MOVWF  53
070B:  MOVF   50,W
070C:  MOVWF  52
070D:  CALL   480
070E:  MOVLW  1B
070F:  BSF    03.6
0710:  MOVWF  0D
0711:  MOVLW  00
0712:  MOVWF  0F
0713:  BCF    03.0
0714:  MOVLW  0A
0715:  BCF    03.6
0716:  MOVWF  52
0717:  GOTO   4E3
0718:  MOVLW  10
0719:  MOVWF  04
071A:  MOVF   2A,W
071B:  MOVWF  53
071C:  MOVF   29,W
071D:  MOVWF  52
071E:  CALL   480
....................        
....................       setaRPM(rpm);                  
071F:  MOVF   3F,W
0720:  MOVWF  51
0721:  MOVF   3E,W
0722:  MOVWF  50
0723:  GOTO   539
....................        
....................       delay_ms (20); 
0724:  MOVLW  14
0725:  MOVWF  5C
0726:  CALL   109
....................   }   
0727:  GOTO   6E3
.................... } 
....................  
....................   /* 
....................   while(true){ 
....................  
....................      ad_atual = read_adc(); 
....................  
....................      distancia = ad_atual - ad_antigo;    
....................      printf(lcd_putc,"\fnow:%lu d:%ld\nold:%lu pp:%f",ad_atual,distancia, ad_antigo,passos_por_posicao ); 
....................       
....................      if (distancia != 0) 
....................      { 
....................         if (distancia > 0) 
....................         { 
....................            y = 0.195 * distancia;             
....................            for (j=0;j<y;j++) 
....................            {  
....................               output_b(motor[i_1]); 
....................               i_1++; 
....................               if (i_1 > 3) 
....................               { 
....................                  i_1 = 0; 
....................               } 
....................               delay_ms(frame_time); 
....................            } 
....................         }             
....................         else if (distancia < 0) 
....................         { 
....................            y = 0.195 * distancia * -1;             
....................            for (j=0;j<y;j++) 
....................            {                                 
....................               output_b(motor[i]); 
....................               i--; 
....................               if (i == 255) 
....................               { 
....................                  i = 3; 
....................               } 
....................               delay_ms(frame_time); 
....................            } 
....................         } 
....................      } 
....................       
....................      ad_antigo = ad_atual; 
....................      delay_ms (20); 
....................       
....................   } 
....................   */ 
....................  
0728:  SLEEP

Configuration Fuses:
   Word  1: 3F71   XT NOWDT PUT BROWNOUT NOLVP NOCPD NOWRT NODEBUG NOPROTECT
